// Jest Snapshot v1, https://goo.gl/fbAQLP

exports[`Home has expected content with deep render 1`] = `
<DynaFieldWrapper
  className="dyna-input"
  color="WHITE_BLACK"
  footer={null}
  inputElementSelector=".dyna-ui-input-control-element"
  isLoading={null}
  label={null}
  mode="EDIT"
  required={null}
  style="INLINE_ROUNDED"
  validationMessage={null}
>
  <input
    className="dyna-ui-input-control-element"
    onChange={[Function]}
    readOnly={false}
    value="John"
  />
</DynaFieldWrapper>
`;
